---
source: tests/test_query_input_errors.rs
expression: no_where_clause_err.to_string()
---
Empty clause is confusing, if you don't need it, specify the `q_config` as None
