---
source: tests/test_input_errors_update.rs
expression: result.unwrap_err()
---
Failed to convert JSON value to 'Integer' for column 'artist_id'. The input JSON value was: "abc"
