---
source: tests/test_input_errors_rel.rs
expression: result.unwrap_err()
---
Table 'album' is not a peer of 'artist'. 
Available peer tables are {"song"}
