---
source: tests/test_input_errors_create.rs
expression: result.unwrap_err()
---
Failed to convert JSON value to 'Blob' for column 'file'. The input JSON value was: "N/A"
