---
source: tests/test_input_errors_create.rs
expression: result.unwrap_err()
---
Table 'wrong_table' not found in schema family. 
Available tables are: album, artist, rel_album_song, song
