---
source: tests/test_query_input_errors.rs
expression: delete_error.to_string()
---
Empty clause is confusing, if you don't need it, specify the `q_config` as None
